Analysis & Synthesis report for ALU16BIT
Thu May 10 19:00:11 2018
Quartus II 64-Bit Version 13.0.1 Build 232 06/12/2013 Service Pack 1 SJ Web Edition


---------------------
; Table of Contents ;
---------------------
  1. Legal Notice
  2. Analysis & Synthesis Summary
  3. Analysis & Synthesis Settings
  4. Parallel Compilation
  5. Analysis & Synthesis Source Files Read
  6. Analysis & Synthesis Resource Usage Summary
  7. Analysis & Synthesis Resource Utilization by Entity
  8. General Register Statistics
  9. Multiplexer Restructuring Statistics (Restructuring Performed)
 10. Port Connectivity Checks: "ALU1BIT:P1|myOR2:I6"
 11. Port Connectivity Checks: "ALU1BIT:P1|myAND2:I5"
 12. Elapsed Time Per Partition
 13. Analysis & Synthesis Messages



----------------
; Legal Notice ;
----------------
Copyright (C) 1991-2013 Altera Corporation
Your use of Altera Corporation's design tools, logic functions 
and other software and tools, and its AMPP partner logic 
functions, and any output files from any of the foregoing 
(including device programming or simulation files), and any 
associated documentation or information are expressly subject 
to the terms and conditions of the Altera Program License 
Subscription Agreement, Altera MegaCore Function License 
Agreement, or other applicable license agreement, including, 
without limitation, that your use is for the sole purpose of 
programming logic devices manufactured by Altera and sold by 
Altera or its authorized distributors.  Please refer to the 
applicable agreement for further details.



+--------------------------------------------------------------------------------------+
; Analysis & Synthesis Summary                                                         ;
+------------------------------------+-------------------------------------------------+
; Analysis & Synthesis Status        ; Successful - Thu May 10 19:00:11 2018           ;
; Quartus II 64-Bit Version          ; 13.0.1 Build 232 06/12/2013 SP 1 SJ Web Edition ;
; Revision Name                      ; ALU16BIT                                        ;
; Top-level Entity Name              ; ALU16BIT                                        ;
; Family                             ; Cyclone II                                      ;
; Total logic elements               ; 83                                              ;
;     Total combinational functions  ; 83                                              ;
;     Dedicated logic registers      ; 0                                               ;
; Total registers                    ; 0                                               ;
; Total pins                         ; 52                                              ;
; Total virtual pins                 ; 0                                               ;
; Total memory bits                  ; 0                                               ;
; Embedded Multiplier 9-bit elements ; 0                                               ;
; Total PLLs                         ; 0                                               ;
+------------------------------------+-------------------------------------------------+


+----------------------------------------------------------------------------------------------------------------------+
; Analysis & Synthesis Settings                                                                                        ;
+----------------------------------------------------------------------------+--------------------+--------------------+
; Option                                                                     ; Setting            ; Default Value      ;
+----------------------------------------------------------------------------+--------------------+--------------------+
; Device                                                                     ; EP2C5F256C6        ;                    ;
; Top-level entity name                                                      ; ALU16BIT           ; ALU16BIT           ;
; Family name                                                                ; Cyclone II         ; Cyclone IV GX      ;
; Use smart compilation                                                      ; Off                ; Off                ;
; Enable parallel Assembler and TimeQuest Timing Analyzer during compilation ; On                 ; On                 ;
; Enable compact report table                                                ; Off                ; Off                ;
; Restructure Multiplexers                                                   ; Auto               ; Auto               ;
; Create Debugging Nodes for IP Cores                                        ; Off                ; Off                ;
; Preserve fewer node names                                                  ; On                 ; On                 ;
; Disable OpenCore Plus hardware evaluation                                  ; Off                ; Off                ;
; Verilog Version                                                            ; Verilog_2001       ; Verilog_2001       ;
; VHDL Version                                                               ; VHDL_1993          ; VHDL_1993          ;
; State Machine Processing                                                   ; Auto               ; Auto               ;
; Safe State Machine                                                         ; Off                ; Off                ;
; Extract Verilog State Machines                                             ; On                 ; On                 ;
; Extract VHDL State Machines                                                ; On                 ; On                 ;
; Ignore Verilog initial constructs                                          ; Off                ; Off                ;
; Iteration limit for constant Verilog loops                                 ; 5000               ; 5000               ;
; Iteration limit for non-constant Verilog loops                             ; 250                ; 250                ;
; Add Pass-Through Logic to Inferred RAMs                                    ; On                 ; On                 ;
; Infer RAMs from Raw Logic                                                  ; On                 ; On                 ;
; Parallel Synthesis                                                         ; On                 ; On                 ;
; DSP Block Balancing                                                        ; Auto               ; Auto               ;
; NOT Gate Push-Back                                                         ; On                 ; On                 ;
; Power-Up Don't Care                                                        ; On                 ; On                 ;
; Remove Redundant Logic Cells                                               ; Off                ; Off                ;
; Remove Duplicate Registers                                                 ; On                 ; On                 ;
; Ignore CARRY Buffers                                                       ; Off                ; Off                ;
; Ignore CASCADE Buffers                                                     ; Off                ; Off                ;
; Ignore GLOBAL Buffers                                                      ; Off                ; Off                ;
; Ignore ROW GLOBAL Buffers                                                  ; Off                ; Off                ;
; Ignore LCELL Buffers                                                       ; Off                ; Off                ;
; Ignore SOFT Buffers                                                        ; On                 ; On                 ;
; Limit AHDL Integers to 32 Bits                                             ; Off                ; Off                ;
; Optimization Technique                                                     ; Balanced           ; Balanced           ;
; Carry Chain Length                                                         ; 70                 ; 70                 ;
; Auto Carry Chains                                                          ; On                 ; On                 ;
; Auto Open-Drain Pins                                                       ; On                 ; On                 ;
; Perform WYSIWYG Primitive Resynthesis                                      ; Off                ; Off                ;
; Auto ROM Replacement                                                       ; On                 ; On                 ;
; Auto RAM Replacement                                                       ; On                 ; On                 ;
; Auto Shift Register Replacement                                            ; Auto               ; Auto               ;
; Allow Shift Register Merging across Hierarchies                            ; Auto               ; Auto               ;
; Auto Clock Enable Replacement                                              ; On                 ; On                 ;
; Strict RAM Replacement                                                     ; Off                ; Off                ;
; Allow Synchronous Control Signals                                          ; On                 ; On                 ;
; Force Use of Synchronous Clear Signals                                     ; Off                ; Off                ;
; Auto RAM to Logic Cell Conversion                                          ; Off                ; Off                ;
; Auto Resource Sharing                                                      ; Off                ; Off                ;
; Allow Any RAM Size For Recognition                                         ; Off                ; Off                ;
; Allow Any ROM Size For Recognition                                         ; Off                ; Off                ;
; Allow Any Shift Register Size For Recognition                              ; Off                ; Off                ;
; Use LogicLock Constraints during Resource Balancing                        ; On                 ; On                 ;
; Ignore translate_off and synthesis_off directives                          ; Off                ; Off                ;
; Timing-Driven Synthesis                                                    ; Off                ; Off                ;
; Report Parameter Settings                                                  ; On                 ; On                 ;
; Report Source Assignments                                                  ; On                 ; On                 ;
; Report Connectivity Checks                                                 ; On                 ; On                 ;
; Ignore Maximum Fan-Out Assignments                                         ; Off                ; Off                ;
; Synchronization Register Chain Length                                      ; 2                  ; 2                  ;
; PowerPlay Power Optimization                                               ; Normal compilation ; Normal compilation ;
; HDL message level                                                          ; Level2             ; Level2             ;
; Suppress Register Optimization Related Messages                            ; Off                ; Off                ;
; Number of Removed Registers Reported in Synthesis Report                   ; 5000               ; 5000               ;
; Number of Swept Nodes Reported in Synthesis Report                         ; 5000               ; 5000               ;
; Number of Inverted Registers Reported in Synthesis Report                  ; 100                ; 100                ;
; Clock MUX Protection                                                       ; On                 ; On                 ;
; Auto Gated Clock Conversion                                                ; Off                ; Off                ;
; Block Design Naming                                                        ; Auto               ; Auto               ;
; SDC constraint protection                                                  ; Off                ; Off                ;
; Synthesis Effort                                                           ; Auto               ; Auto               ;
; Shift Register Replacement - Allow Asynchronous Clear Signal               ; On                 ; On                 ;
; Pre-Mapping Resynthesis Optimization                                       ; Off                ; Off                ;
; Analysis & Synthesis Message Level                                         ; Medium             ; Medium             ;
; Disable Register Merging Across Hierarchies                                ; Auto               ; Auto               ;
; Resource Aware Inference For Block RAM                                     ; On                 ; On                 ;
; Synthesis Seed                                                             ; 1                  ; 1                  ;
+----------------------------------------------------------------------------+--------------------+--------------------+


Parallel compilation was disabled, but you have multiple processors available. Enable parallel compilation to reduce compilation time.
+-------------------------------------+
; Parallel Compilation                ;
+----------------------------+--------+
; Processors                 ; Number ;
+----------------------------+--------+
; Number detected on machine ; 4      ;
; Maximum allowed            ; 1      ;
+----------------------------+--------+


+----------------------------------------------------------------------------------------------------------------------------------------------------------------------+
; Analysis & Synthesis Source Files Read                                                                                                                               ;
+----------------------------------+-----------------+-----------------+-------------------------------------------------------------------------------------+---------+
; File Name with User-Entered Path ; Used in Netlist ; File Type       ; File Name with Absolute Path                                                        ; Library ;
+----------------------------------+-----------------+-----------------+-------------------------------------------------------------------------------------+---------+
; ALU16BIT.vhd                     ; yes             ; User VHDL File  ; C:/Users/peter_000/Desktop/OCOEAEA OOOOCIAOA/ergasia_2_2erwthma/ALU16BIT.vhd        ;         ;
; Control Circuit.vhd              ; yes             ; User VHDL File  ; C:/Users/peter_000/Desktop/OCOEAEA OOOOCIAOA/ergasia_2_2erwthma/Control Circuit.vhd ;         ;
; ALU1BIT.vhd                      ; yes             ; User VHDL File  ; C:/Users/peter_000/Desktop/OCOEAEA OOOOCIAOA/ergasia_2_2erwthma/ALU1BIT.vhd         ;         ;
; fulladder.vhd                    ; yes             ; User VHDL File  ; C:/Users/peter_000/Desktop/OCOEAEA OOOOCIAOA/ergasia_2_2erwthma/fulladder.vhd       ;         ;
; mux2to1.vhd                      ; yes             ; User VHDL File  ; C:/Users/peter_000/Desktop/OCOEAEA OOOOCIAOA/ergasia_2_2erwthma/mux2to1.vhd         ;         ;
; mux4to1.vhd                      ; yes             ; User VHDL File  ; C:/Users/peter_000/Desktop/OCOEAEA OOOOCIAOA/ergasia_2_2erwthma/mux4to1.vhd         ;         ;
; previous.vhd                     ; yes             ; User VHDL File  ; C:/Users/peter_000/Desktop/OCOEAEA OOOOCIAOA/ergasia_2_2erwthma/previous.vhd        ;         ;
+----------------------------------+-----------------+-----------------+-------------------------------------------------------------------------------------+---------+


+---------------------------------------------------------+
; Analysis & Synthesis Resource Usage Summary             ;
+---------------------------------------------+-----------+
; Resource                                    ; Usage     ;
+---------------------------------------------+-----------+
; Estimated Total logic elements              ; 83        ;
;                                             ;           ;
; Total combinational functions               ; 83        ;
; Logic element usage by number of LUT inputs ;           ;
;     -- 4 input functions                    ; 63        ;
;     -- 3 input functions                    ; 20        ;
;     -- <=2 input functions                  ; 0         ;
;                                             ;           ;
; Logic elements by mode                      ;           ;
;     -- normal mode                          ; 83        ;
;     -- arithmetic mode                      ; 0         ;
;                                             ;           ;
; Total registers                             ; 0         ;
;     -- Dedicated logic registers            ; 0         ;
;     -- I/O registers                        ; 0         ;
;                                             ;           ;
; I/O pins                                    ; 52        ;
; Embedded Multiplier 9-bit elements          ; 0         ;
; Maximum fan-out node                        ; opcode[1] ;
; Maximum fan-out                             ; 36        ;
; Total fan-out                               ; 329       ;
; Average fan-out                             ; 2.44      ;
+---------------------------------------------+-----------+


+--------------------------------------------------------------------------------------------------------------------------------------------------------------------------------------------------------+
; Analysis & Synthesis Resource Utilization by Entity                                                                                                                                                    ;
+-------------------------------+-------------------+--------------+-------------+--------------+---------+-----------+------+--------------+---------------------------------------------+--------------+
; Compilation Hierarchy Node    ; LC Combinationals ; LC Registers ; Memory Bits ; DSP Elements ; DSP 9x9 ; DSP 18x18 ; Pins ; Virtual Pins ; Full Hierarchy Name                         ; Library Name ;
+-------------------------------+-------------------+--------------+-------------+--------------+---------+-----------+------+--------------+---------------------------------------------+--------------+
; |ALU16BIT                     ; 83 (4)            ; 0 (0)        ; 0           ; 0            ; 0       ; 0         ; 52   ; 0            ; |ALU16BIT                                   ; work         ;
;    |ALU1BIT:P10|              ; 5 (0)             ; 0 (0)        ; 0           ; 0            ; 0       ; 0         ; 0    ; 0            ; |ALU16BIT|ALU1BIT:P10                       ; work         ;
;       |FULLADDER:I7|          ; 1 (1)             ; 0 (0)        ; 0           ; 0            ; 0       ; 0         ; 0    ; 0            ; |ALU16BIT|ALU1BIT:P10|FULLADDER:I7          ; work         ;
;       |multiplexer_4_to_1:I9| ; 2 (2)             ; 0 (0)        ; 0           ; 0            ; 0       ; 0         ; 0    ; 0            ; |ALU16BIT|ALU1BIT:P10|multiplexer_4_to_1:I9 ; work         ;
;       |myMUX2_TO_1:I3|        ; 1 (1)             ; 0 (0)        ; 0           ; 0            ; 0       ; 0         ; 0    ; 0            ; |ALU16BIT|ALU1BIT:P10|myMUX2_TO_1:I3        ; work         ;
;       |myMUX2_TO_1:I4|        ; 1 (1)             ; 0 (0)        ; 0           ; 0            ; 0       ; 0         ; 0    ; 0            ; |ALU16BIT|ALU1BIT:P10|myMUX2_TO_1:I4        ; work         ;
;    |ALU1BIT:P11|              ; 5 (0)             ; 0 (0)        ; 0           ; 0            ; 0       ; 0         ; 0    ; 0            ; |ALU16BIT|ALU1BIT:P11                       ; work         ;
;       |FULLADDER:I7|          ; 1 (1)             ; 0 (0)        ; 0           ; 0            ; 0       ; 0         ; 0    ; 0            ; |ALU16BIT|ALU1BIT:P11|FULLADDER:I7          ; work         ;
;       |multiplexer_4_to_1:I9| ; 2 (2)             ; 0 (0)        ; 0           ; 0            ; 0       ; 0         ; 0    ; 0            ; |ALU16BIT|ALU1BIT:P11|multiplexer_4_to_1:I9 ; work         ;
;       |myMUX2_TO_1:I3|        ; 1 (1)             ; 0 (0)        ; 0           ; 0            ; 0       ; 0         ; 0    ; 0            ; |ALU16BIT|ALU1BIT:P11|myMUX2_TO_1:I3        ; work         ;
;       |myMUX2_TO_1:I4|        ; 1 (1)             ; 0 (0)        ; 0           ; 0            ; 0       ; 0         ; 0    ; 0            ; |ALU16BIT|ALU1BIT:P11|myMUX2_TO_1:I4        ; work         ;
;    |ALU1BIT:P12|              ; 5 (0)             ; 0 (0)        ; 0           ; 0            ; 0       ; 0         ; 0    ; 0            ; |ALU16BIT|ALU1BIT:P12                       ; work         ;
;       |FULLADDER:I7|          ; 1 (1)             ; 0 (0)        ; 0           ; 0            ; 0       ; 0         ; 0    ; 0            ; |ALU16BIT|ALU1BIT:P12|FULLADDER:I7          ; work         ;
;       |multiplexer_4_to_1:I9| ; 2 (2)             ; 0 (0)        ; 0           ; 0            ; 0       ; 0         ; 0    ; 0            ; |ALU16BIT|ALU1BIT:P12|multiplexer_4_to_1:I9 ; work         ;
;       |myMUX2_TO_1:I3|        ; 1 (1)             ; 0 (0)        ; 0           ; 0            ; 0       ; 0         ; 0    ; 0            ; |ALU16BIT|ALU1BIT:P12|myMUX2_TO_1:I3        ; work         ;
;       |myMUX2_TO_1:I4|        ; 1 (1)             ; 0 (0)        ; 0           ; 0            ; 0       ; 0         ; 0    ; 0            ; |ALU16BIT|ALU1BIT:P12|myMUX2_TO_1:I4        ; work         ;
;    |ALU1BIT:P13|              ; 5 (0)             ; 0 (0)        ; 0           ; 0            ; 0       ; 0         ; 0    ; 0            ; |ALU16BIT|ALU1BIT:P13                       ; work         ;
;       |FULLADDER:I7|          ; 1 (1)             ; 0 (0)        ; 0           ; 0            ; 0       ; 0         ; 0    ; 0            ; |ALU16BIT|ALU1BIT:P13|FULLADDER:I7          ; work         ;
;       |multiplexer_4_to_1:I9| ; 2 (2)             ; 0 (0)        ; 0           ; 0            ; 0       ; 0         ; 0    ; 0            ; |ALU16BIT|ALU1BIT:P13|multiplexer_4_to_1:I9 ; work         ;
;       |myMUX2_TO_1:I3|        ; 1 (1)             ; 0 (0)        ; 0           ; 0            ; 0       ; 0         ; 0    ; 0            ; |ALU16BIT|ALU1BIT:P13|myMUX2_TO_1:I3        ; work         ;
;       |myMUX2_TO_1:I4|        ; 1 (1)             ; 0 (0)        ; 0           ; 0            ; 0       ; 0         ; 0    ; 0            ; |ALU16BIT|ALU1BIT:P13|myMUX2_TO_1:I4        ; work         ;
;    |ALU1BIT:P14|              ; 5 (0)             ; 0 (0)        ; 0           ; 0            ; 0       ; 0         ; 0    ; 0            ; |ALU16BIT|ALU1BIT:P14                       ; work         ;
;       |FULLADDER:I7|          ; 1 (1)             ; 0 (0)        ; 0           ; 0            ; 0       ; 0         ; 0    ; 0            ; |ALU16BIT|ALU1BIT:P14|FULLADDER:I7          ; work         ;
;       |multiplexer_4_to_1:I9| ; 2 (2)             ; 0 (0)        ; 0           ; 0            ; 0       ; 0         ; 0    ; 0            ; |ALU16BIT|ALU1BIT:P14|multiplexer_4_to_1:I9 ; work         ;
;       |myMUX2_TO_1:I3|        ; 1 (1)             ; 0 (0)        ; 0           ; 0            ; 0       ; 0         ; 0    ; 0            ; |ALU16BIT|ALU1BIT:P14|myMUX2_TO_1:I3        ; work         ;
;       |myMUX2_TO_1:I4|        ; 1 (1)             ; 0 (0)        ; 0           ; 0            ; 0       ; 0         ; 0    ; 0            ; |ALU16BIT|ALU1BIT:P14|myMUX2_TO_1:I4        ; work         ;
;    |ALU1BIT:P15|              ; 5 (0)             ; 0 (0)        ; 0           ; 0            ; 0       ; 0         ; 0    ; 0            ; |ALU16BIT|ALU1BIT:P15                       ; work         ;
;       |FULLADDER:I7|          ; 1 (1)             ; 0 (0)        ; 0           ; 0            ; 0       ; 0         ; 0    ; 0            ; |ALU16BIT|ALU1BIT:P15|FULLADDER:I7          ; work         ;
;       |multiplexer_4_to_1:I9| ; 2 (2)             ; 0 (0)        ; 0           ; 0            ; 0       ; 0         ; 0    ; 0            ; |ALU16BIT|ALU1BIT:P15|multiplexer_4_to_1:I9 ; work         ;
;       |myMUX2_TO_1:I3|        ; 1 (1)             ; 0 (0)        ; 0           ; 0            ; 0       ; 0         ; 0    ; 0            ; |ALU16BIT|ALU1BIT:P15|myMUX2_TO_1:I3        ; work         ;
;       |myMUX2_TO_1:I4|        ; 1 (1)             ; 0 (0)        ; 0           ; 0            ; 0       ; 0         ; 0    ; 0            ; |ALU16BIT|ALU1BIT:P15|myMUX2_TO_1:I4        ; work         ;
;    |ALU1BIT:P16|              ; 5 (0)             ; 0 (0)        ; 0           ; 0            ; 0       ; 0         ; 0    ; 0            ; |ALU16BIT|ALU1BIT:P16                       ; work         ;
;       |FULLADDER:I7|          ; 1 (1)             ; 0 (0)        ; 0           ; 0            ; 0       ; 0         ; 0    ; 0            ; |ALU16BIT|ALU1BIT:P16|FULLADDER:I7          ; work         ;
;       |multiplexer_4_to_1:I9| ; 2 (2)             ; 0 (0)        ; 0           ; 0            ; 0       ; 0         ; 0    ; 0            ; |ALU16BIT|ALU1BIT:P16|multiplexer_4_to_1:I9 ; work         ;
;       |myMUX2_TO_1:I3|        ; 1 (1)             ; 0 (0)        ; 0           ; 0            ; 0       ; 0         ; 0    ; 0            ; |ALU16BIT|ALU1BIT:P16|myMUX2_TO_1:I3        ; work         ;
;       |myMUX2_TO_1:I4|        ; 1 (1)             ; 0 (0)        ; 0           ; 0            ; 0       ; 0         ; 0    ; 0            ; |ALU16BIT|ALU1BIT:P16|myMUX2_TO_1:I4        ; work         ;
;    |ALU1BIT:P1|               ; 4 (0)             ; 0 (0)        ; 0           ; 0            ; 0       ; 0         ; 0    ; 0            ; |ALU16BIT|ALU1BIT:P1                        ; work         ;
;       |FULLADDER:I7|          ; 1 (1)             ; 0 (0)        ; 0           ; 0            ; 0       ; 0         ; 0    ; 0            ; |ALU16BIT|ALU1BIT:P1|FULLADDER:I7           ; work         ;
;       |multiplexer_4_to_1:I9| ; 3 (3)             ; 0 (0)        ; 0           ; 0            ; 0       ; 0         ; 0    ; 0            ; |ALU16BIT|ALU1BIT:P1|multiplexer_4_to_1:I9  ; work         ;
;    |ALU1BIT:P2|               ; 5 (0)             ; 0 (0)        ; 0           ; 0            ; 0       ; 0         ; 0    ; 0            ; |ALU16BIT|ALU1BIT:P2                        ; work         ;
;       |FULLADDER:I7|          ; 1 (1)             ; 0 (0)        ; 0           ; 0            ; 0       ; 0         ; 0    ; 0            ; |ALU16BIT|ALU1BIT:P2|FULLADDER:I7           ; work         ;
;       |multiplexer_4_to_1:I9| ; 2 (2)             ; 0 (0)        ; 0           ; 0            ; 0       ; 0         ; 0    ; 0            ; |ALU16BIT|ALU1BIT:P2|multiplexer_4_to_1:I9  ; work         ;
;       |myMUX2_TO_1:I3|        ; 1 (1)             ; 0 (0)        ; 0           ; 0            ; 0       ; 0         ; 0    ; 0            ; |ALU16BIT|ALU1BIT:P2|myMUX2_TO_1:I3         ; work         ;
;       |myMUX2_TO_1:I4|        ; 1 (1)             ; 0 (0)        ; 0           ; 0            ; 0       ; 0         ; 0    ; 0            ; |ALU16BIT|ALU1BIT:P2|myMUX2_TO_1:I4         ; work         ;
;    |ALU1BIT:P3|               ; 5 (0)             ; 0 (0)        ; 0           ; 0            ; 0       ; 0         ; 0    ; 0            ; |ALU16BIT|ALU1BIT:P3                        ; work         ;
;       |FULLADDER:I7|          ; 1 (1)             ; 0 (0)        ; 0           ; 0            ; 0       ; 0         ; 0    ; 0            ; |ALU16BIT|ALU1BIT:P3|FULLADDER:I7           ; work         ;
;       |multiplexer_4_to_1:I9| ; 2 (2)             ; 0 (0)        ; 0           ; 0            ; 0       ; 0         ; 0    ; 0            ; |ALU16BIT|ALU1BIT:P3|multiplexer_4_to_1:I9  ; work         ;
;       |myMUX2_TO_1:I3|        ; 1 (1)             ; 0 (0)        ; 0           ; 0            ; 0       ; 0         ; 0    ; 0            ; |ALU16BIT|ALU1BIT:P3|myMUX2_TO_1:I3         ; work         ;
;       |myMUX2_TO_1:I4|        ; 1 (1)             ; 0 (0)        ; 0           ; 0            ; 0       ; 0         ; 0    ; 0            ; |ALU16BIT|ALU1BIT:P3|myMUX2_TO_1:I4         ; work         ;
;    |ALU1BIT:P4|               ; 5 (0)             ; 0 (0)        ; 0           ; 0            ; 0       ; 0         ; 0    ; 0            ; |ALU16BIT|ALU1BIT:P4                        ; work         ;
;       |FULLADDER:I7|          ; 1 (1)             ; 0 (0)        ; 0           ; 0            ; 0       ; 0         ; 0    ; 0            ; |ALU16BIT|ALU1BIT:P4|FULLADDER:I7           ; work         ;
;       |multiplexer_4_to_1:I9| ; 2 (2)             ; 0 (0)        ; 0           ; 0            ; 0       ; 0         ; 0    ; 0            ; |ALU16BIT|ALU1BIT:P4|multiplexer_4_to_1:I9  ; work         ;
;       |myMUX2_TO_1:I3|        ; 1 (1)             ; 0 (0)        ; 0           ; 0            ; 0       ; 0         ; 0    ; 0            ; |ALU16BIT|ALU1BIT:P4|myMUX2_TO_1:I3         ; work         ;
;       |myMUX2_TO_1:I4|        ; 1 (1)             ; 0 (0)        ; 0           ; 0            ; 0       ; 0         ; 0    ; 0            ; |ALU16BIT|ALU1BIT:P4|myMUX2_TO_1:I4         ; work         ;
;    |ALU1BIT:P5|               ; 5 (0)             ; 0 (0)        ; 0           ; 0            ; 0       ; 0         ; 0    ; 0            ; |ALU16BIT|ALU1BIT:P5                        ; work         ;
;       |FULLADDER:I7|          ; 1 (1)             ; 0 (0)        ; 0           ; 0            ; 0       ; 0         ; 0    ; 0            ; |ALU16BIT|ALU1BIT:P5|FULLADDER:I7           ; work         ;
;       |multiplexer_4_to_1:I9| ; 2 (2)             ; 0 (0)        ; 0           ; 0            ; 0       ; 0         ; 0    ; 0            ; |ALU16BIT|ALU1BIT:P5|multiplexer_4_to_1:I9  ; work         ;
;       |myMUX2_TO_1:I3|        ; 1 (1)             ; 0 (0)        ; 0           ; 0            ; 0       ; 0         ; 0    ; 0            ; |ALU16BIT|ALU1BIT:P5|myMUX2_TO_1:I3         ; work         ;
;       |myMUX2_TO_1:I4|        ; 1 (1)             ; 0 (0)        ; 0           ; 0            ; 0       ; 0         ; 0    ; 0            ; |ALU16BIT|ALU1BIT:P5|myMUX2_TO_1:I4         ; work         ;
;    |ALU1BIT:P6|               ; 5 (0)             ; 0 (0)        ; 0           ; 0            ; 0       ; 0         ; 0    ; 0            ; |ALU16BIT|ALU1BIT:P6                        ; work         ;
;       |FULLADDER:I7|          ; 1 (1)             ; 0 (0)        ; 0           ; 0            ; 0       ; 0         ; 0    ; 0            ; |ALU16BIT|ALU1BIT:P6|FULLADDER:I7           ; work         ;
;       |multiplexer_4_to_1:I9| ; 2 (2)             ; 0 (0)        ; 0           ; 0            ; 0       ; 0         ; 0    ; 0            ; |ALU16BIT|ALU1BIT:P6|multiplexer_4_to_1:I9  ; work         ;
;       |myMUX2_TO_1:I3|        ; 1 (1)             ; 0 (0)        ; 0           ; 0            ; 0       ; 0         ; 0    ; 0            ; |ALU16BIT|ALU1BIT:P6|myMUX2_TO_1:I3         ; work         ;
;       |myMUX2_TO_1:I4|        ; 1 (1)             ; 0 (0)        ; 0           ; 0            ; 0       ; 0         ; 0    ; 0            ; |ALU16BIT|ALU1BIT:P6|myMUX2_TO_1:I4         ; work         ;
;    |ALU1BIT:P7|               ; 5 (0)             ; 0 (0)        ; 0           ; 0            ; 0       ; 0         ; 0    ; 0            ; |ALU16BIT|ALU1BIT:P7                        ; work         ;
;       |FULLADDER:I7|          ; 1 (1)             ; 0 (0)        ; 0           ; 0            ; 0       ; 0         ; 0    ; 0            ; |ALU16BIT|ALU1BIT:P7|FULLADDER:I7           ; work         ;
;       |multiplexer_4_to_1:I9| ; 2 (2)             ; 0 (0)        ; 0           ; 0            ; 0       ; 0         ; 0    ; 0            ; |ALU16BIT|ALU1BIT:P7|multiplexer_4_to_1:I9  ; work         ;
;       |myMUX2_TO_1:I3|        ; 1 (1)             ; 0 (0)        ; 0           ; 0            ; 0       ; 0         ; 0    ; 0            ; |ALU16BIT|ALU1BIT:P7|myMUX2_TO_1:I3         ; work         ;
;       |myMUX2_TO_1:I4|        ; 1 (1)             ; 0 (0)        ; 0           ; 0            ; 0       ; 0         ; 0    ; 0            ; |ALU16BIT|ALU1BIT:P7|myMUX2_TO_1:I4         ; work         ;
;    |ALU1BIT:P8|               ; 5 (0)             ; 0 (0)        ; 0           ; 0            ; 0       ; 0         ; 0    ; 0            ; |ALU16BIT|ALU1BIT:P8                        ; work         ;
;       |FULLADDER:I7|          ; 1 (1)             ; 0 (0)        ; 0           ; 0            ; 0       ; 0         ; 0    ; 0            ; |ALU16BIT|ALU1BIT:P8|FULLADDER:I7           ; work         ;
;       |multiplexer_4_to_1:I9| ; 2 (2)             ; 0 (0)        ; 0           ; 0            ; 0       ; 0         ; 0    ; 0            ; |ALU16BIT|ALU1BIT:P8|multiplexer_4_to_1:I9  ; work         ;
;       |myMUX2_TO_1:I3|        ; 1 (1)             ; 0 (0)        ; 0           ; 0            ; 0       ; 0         ; 0    ; 0            ; |ALU16BIT|ALU1BIT:P8|myMUX2_TO_1:I3         ; work         ;
;       |myMUX2_TO_1:I4|        ; 1 (1)             ; 0 (0)        ; 0           ; 0            ; 0       ; 0         ; 0    ; 0            ; |ALU16BIT|ALU1BIT:P8|myMUX2_TO_1:I4         ; work         ;
;    |ALU1BIT:P9|               ; 5 (0)             ; 0 (0)        ; 0           ; 0            ; 0       ; 0         ; 0    ; 0            ; |ALU16BIT|ALU1BIT:P9                        ; work         ;
;       |FULLADDER:I7|          ; 1 (1)             ; 0 (0)        ; 0           ; 0            ; 0       ; 0         ; 0    ; 0            ; |ALU16BIT|ALU1BIT:P9|FULLADDER:I7           ; work         ;
;       |multiplexer_4_to_1:I9| ; 2 (2)             ; 0 (0)        ; 0           ; 0            ; 0       ; 0         ; 0    ; 0            ; |ALU16BIT|ALU1BIT:P9|multiplexer_4_to_1:I9  ; work         ;
;       |myMUX2_TO_1:I3|        ; 1 (1)             ; 0 (0)        ; 0           ; 0            ; 0       ; 0         ; 0    ; 0            ; |ALU16BIT|ALU1BIT:P9|myMUX2_TO_1:I3         ; work         ;
;       |myMUX2_TO_1:I4|        ; 1 (1)             ; 0 (0)        ; 0           ; 0            ; 0       ; 0         ; 0    ; 0            ; |ALU16BIT|ALU1BIT:P9|myMUX2_TO_1:I4         ; work         ;
+-------------------------------+-------------------+--------------+-------------+--------------+---------+-----------+------+--------------+---------------------------------------------+--------------+
Note: For table entries with two numbers listed, the numbers in parentheses indicate the number of resources of the given type used by the specific entity alone. The numbers listed outside of parentheses indicate the total resources of the given type used by the specific entity and all of its sub-entities in the hierarchy.


+------------------------------------------------------+
; General Register Statistics                          ;
+----------------------------------------------+-------+
; Statistic                                    ; Value ;
+----------------------------------------------+-------+
; Total registers                              ; 0     ;
; Number of registers using Synchronous Clear  ; 0     ;
; Number of registers using Synchronous Load   ; 0     ;
; Number of registers using Asynchronous Clear ; 0     ;
; Number of registers using Asynchronous Load  ; 0     ;
; Number of registers using Clock Enable       ; 0     ;
; Number of registers using Preset             ; 0     ;
+----------------------------------------------+-------+


+---------------------------------------------------------------------------------------------------------------------------------------------------------------+
; Multiplexer Restructuring Statistics (Restructuring Performed)                                                                                                ;
+--------------------+-----------+---------------+----------------------+------------------------+------------+-------------------------------------------------+
; Multiplexer Inputs ; Bus Width ; Baseline Area ; Area if Restructured ; Saving if Restructured ; Registered ; Example Multiplexer Output                      ;
+--------------------+-----------+---------------+----------------------+------------------------+------------+-------------------------------------------------+
; 4:1                ; 16 bits   ; 32 LEs        ; 32 LEs               ; 0 LEs                  ; No         ; |ALU16BIT|ALU1BIT:P1|multiplexer_4_to_1:I9|Mux0 ;
+--------------------+-----------+---------------+----------------------+------------------------+------------+-------------------------------------------------+


+------------------------------------------------------------------------------------------------------------------------------------------------------------------------+
; Port Connectivity Checks: "ALU1BIT:P1|myOR2:I6"                                                                                                                        ;
+------+-------+----------+----------------------------------------------------------------------------------------------------------------------------------------------+
; Port ; Type  ; Severity ; Details                                                                                                                                      ;
+------+-------+----------+----------------------------------------------------------------------------------------------------------------------------------------------+
; in3  ; Input ; Warning  ; Declared by entity but not connected by instance. If a default value exists, it will be used.  Otherwise, the port will be connected to GND. ;
+------+-------+----------+----------------------------------------------------------------------------------------------------------------------------------------------+


+------------------------------------------------------------------------------------------------------------------------------------------------------------------------+
; Port Connectivity Checks: "ALU1BIT:P1|myAND2:I5"                                                                                                                       ;
+------+-------+----------+----------------------------------------------------------------------------------------------------------------------------------------------+
; Port ; Type  ; Severity ; Details                                                                                                                                      ;
+------+-------+----------+----------------------------------------------------------------------------------------------------------------------------------------------+
; in3  ; Input ; Warning  ; Declared by entity but not connected by instance. If a default value exists, it will be used.  Otherwise, the port will be connected to GND. ;
+------+-------+----------+----------------------------------------------------------------------------------------------------------------------------------------------+


+-------------------------------+
; Elapsed Time Per Partition    ;
+----------------+--------------+
; Partition Name ; Elapsed Time ;
+----------------+--------------+
; Top            ; 00:00:06     ;
+----------------+--------------+


+-------------------------------+
; Analysis & Synthesis Messages ;
+-------------------------------+
Info: *******************************************************************
Info: Running Quartus II 64-Bit Analysis & Synthesis
    Info: Version 13.0.1 Build 232 06/12/2013 Service Pack 1 SJ Web Edition
    Info: Processing started: Thu May 10 18:59:35 2018
Info: Command: quartus_map --read_settings_files=on --write_settings_files=off ALU16BIT -c ALU16BIT
Warning (20028): Parallel compilation is not licensed and has been disabled
Info (12021): Found 2 design units, including 1 entities, in source file alu16bit.vhd
    Info (12022): Found design unit 1: ALU16BIT-behavioral
    Info (12023): Found entity 1: ALU16BIT
Info (12021): Found 2 design units, including 0 entities, in source file control circuit.vhd
    Info (12022): Found design unit 1: Control_Circuit
    Info (12022): Found design unit 2: Control_Circuit-body
Info (12021): Found 3 design units, including 1 entities, in source file alu1bit.vhd
    Info (12022): Found design unit 1: ALU
    Info (12022): Found design unit 2: ALU1BIT-DOMH
    Info (12023): Found entity 1: ALU1BIT
Info (12021): Found 3 design units, including 1 entities, in source file fulladder.vhd
    Info (12022): Found design unit 1: fullcomp
    Info (12022): Found design unit 2: FULLADDER-model
    Info (12023): Found entity 1: FULLADDER
Info (12021): Found 3 design units, including 1 entities, in source file mux2to1.vhd
    Info (12022): Found design unit 1: MUX2_TO_1
    Info (12022): Found design unit 2: myMUX2_TO_1-model_concM
    Info (12023): Found entity 1: myMUX2_TO_1
Info (12021): Found 3 design units, including 1 entities, in source file mux4to1.vhd
    Info (12022): Found design unit 1: multi4
    Info (12022): Found design unit 2: multiplexer_4_to_1-structure
    Info (12023): Found entity 1: multiplexer_4_to_1
Info (12021): Found 15 design units, including 7 entities, in source file previous.vhd
    Info (12022): Found design unit 1: components_3
    Info (12022): Found design unit 2: myAND2-model_conc
    Info (12022): Found design unit 3: myOR2-model_conc
    Info (12022): Found design unit 4: myOR3-model_conc
    Info (12022): Found design unit 5: myOR4-model_conc
    Info (12022): Found design unit 6: myAND5-model_conc
    Info (12022): Found design unit 7: myNOT-model_conc3
    Info (12022): Found design unit 8: myXOR-model_concX
    Info (12023): Found entity 1: myAND2
    Info (12023): Found entity 2: myOR2
    Info (12023): Found entity 3: myOR3
    Info (12023): Found entity 4: myOR4
    Info (12023): Found entity 5: myAND5
    Info (12023): Found entity 6: myNOT
    Info (12023): Found entity 7: myXOR
Info (12021): Found 0 design units, including 0 entities, in source file overflowcheck.vhd
Info (12127): Elaborating entity "ALU16BIT" for the top level hierarchy
Info (12128): Elaborating entity "ALU1BIT" for hierarchy "ALU1BIT:P1"
Info (12128): Elaborating entity "myNOT" for hierarchy "ALU1BIT:P1|myNOT:I0"
Info (12128): Elaborating entity "myMUX2_TO_1" for hierarchy "ALU1BIT:P1|myMUX2_TO_1:I3"
Info (12128): Elaborating entity "myAND2" for hierarchy "ALU1BIT:P1|myAND2:I5"
Info (12128): Elaborating entity "myOR2" for hierarchy "ALU1BIT:P1|myOR2:I6"
Info (12128): Elaborating entity "FULLADDER" for hierarchy "ALU1BIT:P1|FULLADDER:I7"
Info (12128): Elaborating entity "myXOR" for hierarchy "ALU1BIT:P1|myXOR:I8"
Info (12128): Elaborating entity "multiplexer_4_to_1" for hierarchy "ALU1BIT:P1|multiplexer_4_to_1:I9"
Warning (12241): 2 hierarchies have connectivity warnings - see the Connectivity Checks report folder
Info (16010): Generating hard_block partition "hard_block:auto_generated_inst"
    Info (16011): Adding 0 node(s), including 0 DDIO, 0 PLL, 0 transceiver and 0 LCELL
Info (21057): Implemented 135 device resources after synthesis - the final resource count might be different
    Info (21058): Implemented 35 input pins
    Info (21059): Implemented 17 output pins
    Info (21061): Implemented 83 logic cells
Info: Quartus II 64-Bit Analysis & Synthesis was successful. 0 errors, 2 warnings
    Info: Peak virtual memory: 563 megabytes
    Info: Processing ended: Thu May 10 19:00:12 2018
    Info: Elapsed time: 00:00:37
    Info: Total CPU time (on all processors): 00:00:13


